--------------------------------------------------------------------------------
Release 14.7 Trace  (lin64)
Copyright (c) 1995-2013 Xilinx, Inc.  All rights reserved.

/home/felix/prjcts/ise/ise/14.7/ISE_DS/ISE/bin/lin64/unwrapped/trce -intstyle
ise -v 3 -s 2I -n 3 -fastpaths -xml register_file_preroute.twx
register_file_map.ncd -o register_file_preroute.twr register_file.pcf -ucf
register_file.ucf

Design file:              register_file_map.ncd
Physical constraint file: register_file.pcf
Device,package,speed:     xa7a100t,csg324,I,-2I (PRELIMINARY 1.07 2013-10-13)
Report level:             verbose report

Environment Variable      Effect 
--------------------      ------ 
NONE                      No environment variables were set
--------------------------------------------------------------------------------

INFO:Timing:2698 - No timing constraints found, doing default enumeration.
INFO:Timing:3412 - To improve timing, see the Timing Closure User Guide (UG612).
INFO:Timing:2752 - To get complete path coverage, use the unconstrained paths 
   option. All paths that are not constrained will be reported in the 
   unconstrained paths section(s) of the report.
INFO:Timing:3284 - This timing report was generated using estimated delay 
   information.  For accurate numbers, please refer to the post Place and Route 
   timing report.
INFO:Timing:3339 - The clock-to-out numbers in this timing report are based on 
   a 50 Ohm transmission line loading model.  For the details of this model, 
   and for more information on accounting for different loading conditions, 
   please see the device datasheet.



Data Sheet report:
-----------------
All values displayed in nanoseconds (ns)

Pad to Pad
---------------+---------------+---------+
Source Pad     |Destination Pad|  Delay  |
---------------+---------------+---------+
dip0           |led0           |    4.903|
dip1           |led0           |    5.060|
dip2           |led0           |    5.090|
dip3           |led0           |    5.254|
dip4           |led0           |    4.197|
dip5           |led0           |    4.308|
dip6           |led0           |    4.338|
dip7           |led0           |    3.906|
---------------+---------------+---------+


Analysis completed Mon Sep  7 12:54:57 2026 
--------------------------------------------------------------------------------

Trace Settings:
-------------------------
Trace Settings 

Peak Memory Usage: 756 MB



