--------------------------------------------------------------------------------
Release 14.7 Trace  (lin64)
Copyright (c) 1995-2013 Xilinx, Inc.  All rights reserved.

/home/felix/prjcts/ise/ise/14.7/ISE_DS/ISE/bin/lin64/unwrapped/trce -intstyle
ise -v 3 -s 3 -n 3 -fastpaths -xml register_file.twx register_file.ncd -o
register_file.twr register_file.pcf -ucf register_file.ucf -ucf
register_file_tb.ucf

Design file:              register_file.ncd
Physical constraint file: register_file.pcf
Device,package,speed:     xc6slx9,csg324,C,-3 (PRODUCTION 1.23 2013-10-13)
Report level:             verbose report

Environment Variable      Effect 
--------------------      ------ 
NONE                      No environment variables were set
--------------------------------------------------------------------------------

INFO:Timing:3412 - To improve timing, see the Timing Closure User Guide (UG612).
INFO:Timing:2752 - To get complete path coverage, use the unconstrained paths 
   option. All paths that are not constrained will be reported in the 
   unconstrained paths section(s) of the report.
INFO:Timing:3339 - The clock-to-out numbers in this timing report are based on 
   a 50 Ohm transmission line loading model.  For the details of this model, 
   and for more information on accounting for different loading conditions, 
   please see the device datasheet.

================================================================================
Timing constraint: NET "clk_BUFGP/IBUFG" PERIOD = 10 ns HIGH 50%;
For more information, see Period Analysis in the Timing Closure User Guide (UG612).

 2 paths analyzed, 2 endpoints analyzed, 0 failing endpoints
 0 timing errors detected. (0 setup errors, 0 hold errors, 0 component switching limit errors)
 Minimum period is   1.845ns.
--------------------------------------------------------------------------------

Paths for end point disp_state (SLICE_X22Y20.D2), 1 path
--------------------------------------------------------------------------------
Slack (setup path):     8.155ns (requirement - (data path - clock path skew + uncertainty))
  Source:               disp_state_1 (FF)
  Destination:          disp_state (FF)
  Requirement:          10.000ns
  Data Path Delay:      1.810ns (Levels of Logic = 2)
  Clock Path Skew:      0.000ns
  Source Clock:         clk_BUFGP rising at 0.000ns
  Destination Clock:    clk_BUFGP rising at 10.000ns
  Clock Uncertainty:    0.035ns

  Clock Uncertainty:          0.035ns  ((TSJ^2 + TIJ^2)^1/2 + DJ) / 2 + PE
    Total System Jitter (TSJ):  0.070ns
    Total Input Jitter (TIJ):   0.000ns
    Discrete Jitter (DJ):       0.000ns
    Phase Error (PE):           0.000ns

  Maximum Data Path at Slow Process Corner: disp_state_1 to disp_state
    Location             Delay type         Delay(ns)  Physical Resource
                                                       Logical Resource(s)
    -------------------------------------------------  -------------------
    SLICE_X22Y20.DQ      Tcko                  0.408   disp_state_1
                                                       disp_state_1
    SLICE_X22Y20.D5      net (fanout=1)        0.372   disp_state_1
    SLICE_X22Y20.D       Tilo                  0.205   disp_state_1
                                                       disp_nextstate1_INV_0
    SLICE_X22Y20.D2      net (fanout=1)        0.612   disp_nextstate
    SLICE_X22Y20.CLK     Tas                   0.213   disp_state_1
                                                       disp_nextstate_rt
                                                       disp_state
    -------------------------------------------------  ---------------------------
    Total                                      1.810ns (0.826ns logic, 0.984ns route)
                                                       (45.6% logic, 54.4% route)

--------------------------------------------------------------------------------

Paths for end point disp_state_1 (SLICE_X22Y20.D5), 1 path
--------------------------------------------------------------------------------
Slack (setup path):     8.844ns (requirement - (data path - clock path skew + uncertainty))
  Source:               disp_state_1 (FF)
  Destination:          disp_state_1 (FF)
  Requirement:          10.000ns
  Data Path Delay:      1.121ns (Levels of Logic = 1)
  Clock Path Skew:      0.000ns
  Source Clock:         clk_BUFGP rising at 0.000ns
  Destination Clock:    clk_BUFGP rising at 10.000ns
  Clock Uncertainty:    0.035ns

  Clock Uncertainty:          0.035ns  ((TSJ^2 + TIJ^2)^1/2 + DJ) / 2 + PE
    Total System Jitter (TSJ):  0.070ns
    Total Input Jitter (TIJ):   0.000ns
    Discrete Jitter (DJ):       0.000ns
    Phase Error (PE):           0.000ns

  Maximum Data Path at Slow Process Corner: disp_state_1 to disp_state_1
    Location             Delay type         Delay(ns)  Physical Resource
                                                       Logical Resource(s)
    -------------------------------------------------  -------------------
    SLICE_X22Y20.DQ      Tcko                  0.408   disp_state_1
                                                       disp_state_1
    SLICE_X22Y20.D5      net (fanout=1)        0.372   disp_state_1
    SLICE_X22Y20.CLK     Tas                   0.341   disp_state_1
                                                       disp_nextstate1_INV_0
                                                       disp_state_1
    -------------------------------------------------  ---------------------------
    Total                                      1.121ns (0.749ns logic, 0.372ns route)
                                                       (66.8% logic, 33.2% route)

--------------------------------------------------------------------------------

Hold Paths: NET "clk_BUFGP/IBUFG" PERIOD = 10 ns HIGH 50%;
--------------------------------------------------------------------------------

Paths for end point disp_state_1 (SLICE_X22Y20.D5), 1 path
--------------------------------------------------------------------------------
Slack (hold path):      0.581ns (requirement - (clock path skew + uncertainty - data path))
  Source:               disp_state_1 (FF)
  Destination:          disp_state_1 (FF)
  Requirement:          0.000ns
  Data Path Delay:      0.581ns (Levels of Logic = 1)
  Clock Path Skew:      0.000ns
  Source Clock:         clk_BUFGP rising at 10.000ns
  Destination Clock:    clk_BUFGP rising at 10.000ns
  Clock Uncertainty:    0.000ns

  Minimum Data Path at Fast Process Corner: disp_state_1 to disp_state_1
    Location             Delay type         Delay(ns)  Physical Resource
                                                       Logical Resource(s)
    -------------------------------------------------  -------------------
    SLICE_X22Y20.DQ      Tcko                  0.200   disp_state_1
                                                       disp_state_1
    SLICE_X22Y20.D5      net (fanout=1)        0.191   disp_state_1
    SLICE_X22Y20.CLK     Tah         (-Th)    -0.190   disp_state_1
                                                       disp_nextstate1_INV_0
                                                       disp_state_1
    -------------------------------------------------  ---------------------------
    Total                                      0.581ns (0.390ns logic, 0.191ns route)
                                                       (67.1% logic, 32.9% route)

--------------------------------------------------------------------------------

Paths for end point disp_state (SLICE_X22Y20.D2), 1 path
--------------------------------------------------------------------------------
Slack (hold path):      1.027ns (requirement - (clock path skew + uncertainty - data path))
  Source:               disp_state_1 (FF)
  Destination:          disp_state (FF)
  Requirement:          0.000ns
  Data Path Delay:      1.027ns (Levels of Logic = 2)
  Clock Path Skew:      0.000ns
  Source Clock:         clk_BUFGP rising at 10.000ns
  Destination Clock:    clk_BUFGP rising at 10.000ns
  Clock Uncertainty:    0.000ns

  Minimum Data Path at Fast Process Corner: disp_state_1 to disp_state
    Location             Delay type         Delay(ns)  Physical Resource
                                                       Logical Resource(s)
    -------------------------------------------------  -------------------
    SLICE_X22Y20.DQ      Tcko                  0.200   disp_state_1
                                                       disp_state_1
    SLICE_X22Y20.D5      net (fanout=1)        0.191   disp_state_1
    SLICE_X22Y20.D       Tilo                  0.142   disp_state_1
                                                       disp_nextstate1_INV_0
    SLICE_X22Y20.D2      net (fanout=1)        0.373   disp_nextstate
    SLICE_X22Y20.CLK     Tah         (-Th)    -0.121   disp_state_1
                                                       disp_nextstate_rt
                                                       disp_state
    -------------------------------------------------  ---------------------------
    Total                                      1.027ns (0.463ns logic, 0.564ns route)
                                                       (45.1% logic, 54.9% route)

--------------------------------------------------------------------------------

Component Switching Limit Checks: NET "clk_BUFGP/IBUFG" PERIOD = 10 ns HIGH 50%;
--------------------------------------------------------------------------------
Slack: 8.270ns (period - min period limit)
  Period: 10.000ns
  Min period limit: 1.730ns (578.035MHz) (Tbcper_I)
  Physical resource: clk_BUFGP/BUFG/I0
  Logical resource: clk_BUFGP/BUFG/I0
  Location pin: BUFGMUX_X3Y13.I0
  Clock network: clk_BUFGP/IBUFG
--------------------------------------------------------------------------------
Slack: 9.570ns (period - min period limit)
  Period: 10.000ns
  Min period limit: 0.430ns (2325.581MHz) (Tcp)
  Physical resource: registers_7<7>/CLK
  Logical resource: registers_7_4/CK
  Location pin: SLICE_X10Y12.CLK
  Clock network: clk_BUFGP
--------------------------------------------------------------------------------
Slack: 9.570ns (period - min period limit)
  Period: 10.000ns
  Min period limit: 0.430ns (2325.581MHz) (Tcp)
  Physical resource: registers_7<7>/CLK
  Logical resource: registers_7_5/CK
  Location pin: SLICE_X10Y12.CLK
  Clock network: clk_BUFGP
--------------------------------------------------------------------------------


All constraints were met.


Data Sheet report:
-----------------
All values displayed in nanoseconds (ns)

Clock to Setup on destination clock clk
---------------+---------+---------+---------+---------+
               | Src:Rise| Src:Fall| Src:Rise| Src:Fall|
Source Clock   |Dest:Rise|Dest:Rise|Dest:Fall|Dest:Fall|
---------------+---------+---------+---------+---------+
clk            |    1.845|         |         |         |
---------------+---------+---------+---------+---------+


Timing summary:
---------------

Timing errors: 0  Score: 0  (Setup/Max: 0, Hold: 0)

Constraints cover 2 paths, 0 nets, and 4 connections

Design statistics:
   Minimum period:   1.845ns{1}   (Maximum frequency: 542.005MHz)


------------------------------------Footnotes-----------------------------------
1)  The minimum period statistic assumes all single cycle delays.

Analysis completed Mon Sep  7 22:03:05 2026 
--------------------------------------------------------------------------------

Trace Settings:
-------------------------
Trace Settings 

Peak Memory Usage: 384 MB



