Release 14.7 - xst P.20131013 (lin64)
Copyright (c) 1995-2013 Xilinx, Inc.  All rights reserved.
--> 
Parameter TMPDIR set to xst/projnav.tmp


Total REAL time to Xst completion: 0.00 secs
Total CPU time to Xst completion: 0.02 secs
 
--> 
Parameter xsthdpdir set to xst


Total REAL time to Xst completion: 0.00 secs
Total CPU time to Xst completion: 0.02 secs
 
--> 
Reading design: register_file.prj

TABLE OF CONTENTS
  1) Synthesis Options Summary
  2) HDL Parsing
  3) HDL Elaboration
  4) HDL Synthesis
       4.1) HDL Synthesis Report
  5) Advanced HDL Synthesis
       5.1) Advanced HDL Synthesis Report
  6) Low Level Synthesis
  7) Partition Report
  8) Design Summary
       8.1) Primitive and Black Box Usage
       8.2) Device utilization summary
       8.3) Partition Resource Summary
       8.4) Timing Report
            8.4.1) Clock Information
            8.4.2) Asynchronous Control Signals Information
            8.4.3) Timing Summary
            8.4.4) Timing Details
            8.4.5) Cross Clock Domains Report


=========================================================================
*                      Synthesis Options Summary                        *
=========================================================================
---- Source Parameters
Input File Name                    : "register_file.prj"
Ignore Synthesis Constraint File   : NO

---- Target Parameters
Output File Name                   : "register_file"
Output Format                      : NGC
Target Device                      : xc6slx9-3-csg324

---- Source Options
Top Module Name                    : register_file
Automatic FSM Extraction           : YES
FSM Encoding Algorithm             : Auto
Safe Implementation                : No
FSM Style                          : LUT
RAM Extraction                     : Yes
RAM Style                          : Auto
ROM Extraction                     : Yes
Shift Register Extraction          : YES
ROM Style                          : Auto
Resource Sharing                   : YES
Asynchronous To Synchronous        : NO
Shift Register Minimum Size        : 2
Use DSP Block                      : Auto
Automatic Register Balancing       : No

---- Target Options
LUT Combining                      : Auto
Reduce Control Sets                : Auto
Add IO Buffers                     : YES
Global Maximum Fanout              : 100000
Add Generic Clock Buffer(BUFG)     : 16
Register Duplication               : YES
Optimize Instantiated Primitives   : NO
Use Clock Enable                   : Auto
Use Synchronous Set                : Auto
Use Synchronous Reset              : Auto
Pack IO Registers into IOBs        : Auto
Equivalent register Removal        : YES

---- General Options
Optimization Goal                  : Speed
Optimization Effort                : 1
Power Reduction                    : NO
Keep Hierarchy                     : No
Netlist Hierarchy                  : As_Optimized
RTL Output                         : Yes
Global Optimization                : AllClockNets
Read Cores                         : YES
Write Timing Constraints           : NO
Cross Clock Analysis               : NO
Hierarchy Separator                : /
Bus Delimiter                      : <>
Case Specifier                     : Maintain
Slice Utilization Ratio            : 100
BRAM Utilization Ratio             : 100
DSP48 Utilization Ratio            : 100
Auto BRAM Packing                  : NO
Slice Utilization Ratio Delta      : 5

=========================================================================


=========================================================================
*                          HDL Parsing                                  *
=========================================================================
Parsing VHDL file "/home/felix/prjcts/ciapek/ciapek/register_file.vhd" into library work
Parsing entity <register_file>.
Parsing architecture <Behavioral> of entity <register_file>.

=========================================================================
*                            HDL Elaboration                            *
=========================================================================

Elaborating entity <register_file> (architecture <Behavioral>) from library <work>.
WARNING:HDLCompiler:92 - "/home/felix/prjcts/ciapek/ciapek/register_file.vhd" Line 52: registers should be on the sensitivity list of the process
WARNING:HDLCompiler:92 - "/home/felix/prjcts/ciapek/ciapek/register_file.vhd" Line 59: registers should be on the sensitivity list of the process
WARNING:HDLCompiler:92 - "/home/felix/prjcts/ciapek/ciapek/register_file.vhd" Line 92: registers should be on the sensitivity list of the process
WARNING:HDLCompiler:92 - "/home/felix/prjcts/ciapek/ciapek/register_file.vhd" Line 93: registers should be on the sensitivity list of the process
WARNING:HDLCompiler:92 - "/home/felix/prjcts/ciapek/ciapek/register_file.vhd" Line 94: registers should be on the sensitivity list of the process
WARNING:HDLCompiler:92 - "/home/felix/prjcts/ciapek/ciapek/register_file.vhd" Line 95: registers should be on the sensitivity list of the process
WARNING:HDLCompiler:92 - "/home/felix/prjcts/ciapek/ciapek/register_file.vhd" Line 96: registers should be on the sensitivity list of the process
WARNING:HDLCompiler:92 - "/home/felix/prjcts/ciapek/ciapek/register_file.vhd" Line 97: registers should be on the sensitivity list of the process
WARNING:HDLCompiler:92 - "/home/felix/prjcts/ciapek/ciapek/register_file.vhd" Line 98: registers should be on the sensitivity list of the process
WARNING:HDLCompiler:92 - "/home/felix/prjcts/ciapek/ciapek/register_file.vhd" Line 99: registers should be on the sensitivity list of the process
WARNING:HDLCompiler:92 - "/home/felix/prjcts/ciapek/ciapek/register_file.vhd" Line 100: registers should be on the sensitivity list of the process
WARNING:HDLCompiler:92 - "/home/felix/prjcts/ciapek/ciapek/register_file.vhd" Line 105: disp_state should be on the sensitivity list of the process

=========================================================================
*                           HDL Synthesis                               *
=========================================================================

Synthesizing Unit <register_file>.
    Related source file is "/home/felix/prjcts/ciapek/ciapek/register_file.vhd".
    Found 16-bit register for signal <registers<6>>.
    Found 16-bit register for signal <registers<5>>.
    Found 16-bit register for signal <registers<4>>.
    Found 16-bit register for signal <registers<3>>.
    Found 16-bit register for signal <registers<2>>.
    Found 16-bit register for signal <registers<1>>.
    Found 16-bit register for signal <registers<0>>.
    Found 1-bit register for signal <disp_state>.
    Found 16-bit register for signal <registers<7>>.
    Found 16-bit 8-to-1 multiplexer for signal <ra1_in[2]_registers[7][15]_wide_mux_26_OUT> created at line 52.
    Found 16-bit 8-to-1 multiplexer for signal <ra2_in[2]_registers[7][15]_wide_mux_29_OUT> created at line 59.
    Summary:
	inferred 129 D-type flip-flop(s).
	inferred  12 Multiplexer(s).
Unit <register_file> synthesized.

=========================================================================
HDL Synthesis Report

Macro Statistics
# Registers                                            : 9
 1-bit register                                        : 1
 16-bit register                                       : 8
# Multiplexers                                         : 12
 1-bit 2-to-1 multiplexer                              : 8
 16-bit 2-to-1 multiplexer                             : 2
 16-bit 8-to-1 multiplexer                             : 2

=========================================================================

=========================================================================
*                       Advanced HDL Synthesis                          *
=========================================================================


=========================================================================
Advanced HDL Synthesis Report

Macro Statistics
# Registers                                            : 129
 Flip-Flops                                            : 129
# Multiplexers                                         : 12
 1-bit 2-to-1 multiplexer                              : 8
 16-bit 2-to-1 multiplexer                             : 2
 16-bit 8-to-1 multiplexer                             : 2

=========================================================================

=========================================================================
*                         Low Level Synthesis                           *
=========================================================================

Optimizing unit <register_file> ...

Mapping all equations...
Building and optimizing final netlist ...
Found area constraint ratio of 100 (+ 5) on block register_file, actual ratio is 5.
FlipFlop disp_state has been replicated 1 time(s)

Final Macro Processing ...

=========================================================================
Final Register Report

Macro Statistics
# Registers                                            : 130
 Flip-Flops                                            : 130

=========================================================================

=========================================================================
*                           Partition Report                            *
=========================================================================

Partition Implementation Status
-------------------------------

  No Partitions were found in this design.

-------------------------------

=========================================================================
*                            Design Summary                             *
=========================================================================

Top Level Output File Name         : register_file.ngc

Primitive and Black Box Usage:
------------------------------
# BELS                             : 220
#      INV                         : 2
#      LUT4                        : 51
#      LUT5                        : 37
#      LUT6                        : 98
#      MUXF7                       : 32
# FlipFlops/Latches                : 130
#      FDE                         : 130
# Clock Buffers                    : 1
#      BUFGP                       : 1
# IO Buffers                       : 75
#      IBUF                        : 35
#      OBUF                        : 40

Device utilization summary:
---------------------------

Selected Device : 6slx9csg324-3 


Slice Logic Utilization: 
 Number of Slice Registers:             130  out of  11440     1%  
 Number of Slice LUTs:                  188  out of   5720     3%  
    Number used as Logic:               188  out of   5720     3%  

Slice Logic Distribution: 
 Number of LUT Flip Flop pairs used:    221
   Number with an unused Flip Flop:      91  out of    221    41%  
   Number with an unused LUT:            33  out of    221    14%  
   Number of fully used LUT-FF pairs:    97  out of    221    43%  
   Number of unique control sets:         9

IO Utilization: 
 Number of IOs:                          76
 Number of bonded IOBs:                  76  out of    200    38%  

Specific Feature Utilization:
 Number of BUFG/BUFGCTRLs:                1  out of     16     6%  

---------------------------
Partition Resource Summary:
---------------------------

  No Partitions were found in this design.

---------------------------


=========================================================================
Timing Report

NOTE: THESE TIMING NUMBERS ARE ONLY A SYNTHESIS ESTIMATE.
      FOR ACCURATE TIMING INFORMATION PLEASE REFER TO THE TRACE REPORT
      GENERATED AFTER PLACE-and-ROUTE.

Clock Information:
------------------
-----------------------------------+------------------------+-------+
Clock Signal                       | Clock buffer(FF name)  | Load  |
-----------------------------------+------------------------+-------+
clk                                | BUFGP                  | 130   |
-----------------------------------+------------------------+-------+

Asynchronous Control Signals Information:
----------------------------------------
No asynchronous control signals found in this design

Timing Summary:
---------------
Speed Grade: -3

   Minimum period: 1.950ns (Maximum Frequency: 512.794MHz)
   Minimum input arrival time before clock: 3.800ns
   Maximum output required time after clock: 7.480ns
   Maximum combinational path delay: 10.392ns

Timing Details:
---------------
All values displayed in nanoseconds (ns)

=========================================================================
Timing constraint: Default period analysis for Clock 'clk'
  Clock period: 1.950ns (frequency: 512.794MHz)
  Total number of paths / destination ports: 2 / 2
-------------------------------------------------------------------------
Delay:               1.950ns (Levels of Logic = 1)
  Source:            disp_state_1 (FF)
  Destination:       disp_state (FF)
  Source Clock:      clk rising
  Destination Clock: clk rising

  Data Path: disp_state_1 to disp_state
                                Gate     Net
    Cell:in->out      fanout   Delay   Delay  Logical Name (Net Name)
    ----------------------------------------  ------------
     FDE:C->Q              1   0.447   0.579  disp_state_1 (disp_state_1)
     INV:I->O              2   0.206   0.616  disp_nextstate1_INV_0 (disp_nextstate)
     FDE:D                     0.102          disp_state
    ----------------------------------------
    Total                      1.950ns (0.755ns logic, 1.195ns route)
                                       (38.7% logic, 61.3% route)

=========================================================================
Timing constraint: Default OFFSET IN BEFORE for Clock 'clk'
  Total number of paths / destination ports: 642 / 258
-------------------------------------------------------------------------
Offset:              3.800ns (Levels of Logic = 2)
  Source:            ra3_in<0> (PAD)
  Destination:       registers_4_0 (FF)
  Destination Clock: clk rising

  Data Path: ra3_in<0> to registers_4_0
                                Gate     Net
    Cell:in->out      fanout   Delay   Delay  Logical Name (Net Name)
    ----------------------------------------  ------------
     IBUF:I->O             8   1.222   1.050  ra3_in_0_IBUF (ra3_in_0_IBUF)
     LUT4:I0->O           16   0.203   1.004  _n0099_inv1 (_n0099_inv)
     FDE:CE                    0.322          registers_6_0
    ----------------------------------------
    Total                      3.800ns (1.747ns logic, 2.053ns route)
                                       (46.0% logic, 54.0% route)

=========================================================================
Timing constraint: Default OFFSET OUT AFTER for Clock 'clk'
  Total number of paths / destination ports: 408 / 40
-------------------------------------------------------------------------
Offset:              7.480ns (Levels of Logic = 5)
  Source:            registers_5_15 (FF)
  Destination:       led0 (PAD)
  Source Clock:      clk rising

  Data Path: registers_5_15 to led0
                                Gate     Net
    Cell:in->out      fanout   Delay   Delay  Logical Name (Net Name)
    ----------------------------------------  ------------
     FDE:C->Q              3   0.447   0.755  registers_5_15 (registers_5_15)
     LUT4:I2->O            1   0.203   0.808  Mmux_led017 (Mmux_led016)
     LUT6:I3->O            1   0.205   0.924  Mmux_led018 (Mmux_led017)
     LUT5:I0->O            1   0.203   0.580  Mmux_led019 (Mmux_led018)
     LUT6:I5->O            1   0.205   0.579  Mmux_led0110 (led0_OBUF)
     OBUF:I->O                 2.571          led0_OBUF (led0)
    ----------------------------------------
    Total                      7.480ns (3.834ns logic, 3.646ns route)
                                       (51.3% logic, 48.7% route)

=========================================================================
Timing constraint: Default path analysis
  Total number of paths / destination ports: 1584 / 40
-------------------------------------------------------------------------
Delay:               10.392ns (Levels of Logic = 7)
  Source:            dip2 (PAD)
  Destination:       led0 (PAD)

  Data Path: dip2 to led0
                                Gate     Net
    Cell:in->out      fanout   Delay   Delay  Logical Name (Net Name)
    ----------------------------------------  ------------
     IBUF:I->O            20   1.222   1.197  dip2_IBUF (dip2_IBUF)
     LUT4:I2->O           10   0.203   0.857  PWR_5_o_dip0_equal_32_o11 (PWR_5_o_dip0_equal_32_o1)
     LUT5:I4->O           17   0.205   1.256  PWR_5_o_dip0_equal_35_o1 (PWR_5_o_dip0_equal_35_o)
     LUT5:I2->O           16   0.205   1.109  _n01294 (_n0129)
     LUT5:I3->O            1   0.203   0.580  Mmux_led019 (Mmux_led018)
     LUT6:I5->O            1   0.205   0.579  Mmux_led0110 (led0_OBUF)
     OBUF:I->O                 2.571          led0_OBUF (led0)
    ----------------------------------------
    Total                     10.392ns (4.814ns logic, 5.578ns route)
                                       (46.3% logic, 53.7% route)

=========================================================================

Cross Clock Domains Report:
--------------------------

Clock to Setup on destination clock clk
---------------+---------+---------+---------+---------+
               | Src:Rise| Src:Fall| Src:Rise| Src:Fall|
Source Clock   |Dest:Rise|Dest:Rise|Dest:Fall|Dest:Fall|
---------------+---------+---------+---------+---------+
clk            |    1.950|         |         |         |
---------------+---------+---------+---------+---------+

=========================================================================


Total REAL time to Xst completion: 2.00 secs
Total CPU time to Xst completion: 2.16 secs
 
--> 


Total memory usage is 391120 kilobytes

Number of errors   :    0 (   0 filtered)
Number of warnings :   12 (   0 filtered)
Number of infos    :    0 (   0 filtered)

