Release 14.7 Map P.20131013 (lin64)
Xilinx Mapping Report File for Design 'register_file'

Design Information
------------------
Command Line   : map -intstyle ise -p xc6slx9-csg324-3 -w -logic_opt off -ol
high -t 1 -xt 0 -register_duplication off -r 4 -global_opt off -mt off -ir off
-pr off -lc off -power off -o register_file_map.ncd register_file.ngd
register_file.pcf 
Target Device  : xc6slx9
Target Package : csg324
Target Speed   : -3
Mapper Version : spartan6 -- $Revision: 1.55 $
Mapped Date    : Mon Sep  7 22:02:56 2026

Design Summary
--------------
Number of errors:      0
Number of warnings:    0
Slice Logic Utilization:
  Number of Slice Registers:                   130 out of  11,440    1%
    Number used as Flip Flops:                 130
    Number used as Latches:                      0
    Number used as Latch-thrus:                  0
    Number used as AND/OR logics:                0
  Number of Slice LUTs:                        164 out of   5,720    2%
    Number used as logic:                      164 out of   5,720    2%
      Number using O6 output only:             141
      Number using O5 output only:               0
      Number using O5 and O6:                   23
      Number used as ROM:                        0
    Number used as Memory:                       0 out of   1,440    0%

Slice Logic Distribution:
  Number of occupied Slices:                   100 out of   1,430    6%
  Number of MUXCYs used:                         0 out of   2,860    0%
  Number of LUT Flip Flop pairs used:          253
    Number with an unused Flip Flop:           124 out of     253   49%
    Number with an unused LUT:                  89 out of     253   35%
    Number of fully used LUT-FF pairs:          40 out of     253   15%
    Number of unique control sets:               9
    Number of slice register sites lost
      to control set restrictions:               6 out of  11,440    1%

  A LUT Flip Flop pair for this architecture represents one LUT paired with
  one Flip Flop within a slice.  A control set is a unique combination of
  clock, reset, set, and enable signals for a registered element.
  The Slice Logic Distribution report is not meaningful if the design is
  over-mapped for a non-slice resource or if Placement fails.

IO Utilization:
  Number of bonded IOBs:                        76 out of     200   38%
    Number of LOCed IOBs:                       18 out of      76   23%

Specific Feature Utilization:
  Number of RAMB16BWERs:                         0 out of      32    0%
  Number of RAMB8BWERs:                          0 out of      64    0%
  Number of BUFIO2/BUFIO2_2CLKs:                 0 out of      32    0%
  Number of BUFIO2FB/BUFIO2FB_2CLKs:             0 out of      32    0%
  Number of BUFG/BUFGMUXs:                       1 out of      16    6%
    Number used as BUFGs:                        1
    Number used as BUFGMUX:                      0
  Number of DCM/DCM_CLKGENs:                     0 out of       4    0%
  Number of ILOGIC2/ISERDES2s:                   0 out of     200    0%
  Number of IODELAY2/IODRP2/IODRP2_MCBs:         0 out of     200    0%
  Number of OLOGIC2/OSERDES2s:                   0 out of     200    0%
  Number of BSCANs:                              0 out of       4    0%
  Number of BUFHs:                               0 out of     128    0%
  Number of BUFPLLs:                             0 out of       8    0%
  Number of BUFPLL_MCBs:                         0 out of       4    0%
  Number of DSP48A1s:                            0 out of      16    0%
  Number of ICAPs:                               0 out of       1    0%
  Number of MCBs:                                0 out of       2    0%
  Number of PCILOGICSEs:                         0 out of       2    0%
  Number of PLL_ADVs:                            0 out of       2    0%
  Number of PMVs:                                0 out of       1    0%
  Number of STARTUPs:                            0 out of       1    0%
  Number of SUSPEND_SYNCs:                       0 out of       1    0%

Average Fanout of Non-Clock Nets:                3.84

Peak Memory Usage:  648 MB
Total REAL time to MAP completion:  3 secs 
Total CPU time to MAP completion:   3 secs 

Table of Contents
-----------------
Section 1 - Errors
Section 2 - Warnings
Section 3 - Informational
Section 4 - Removed Logic Summary
Section 5 - Removed Logic
Section 6 - IOB Properties
Section 7 - RPMs
Section 8 - Guide Report
Section 9 - Area Group and Partition Summary
Section 10 - Timing Report
Section 11 - Configuration String Information
Section 12 - Control Set Information
Section 13 - Utilization by Hierarchy

Section 1 - Errors
------------------

Section 2 - Warnings
--------------------

Section 3 - Informational
-------------------------
INFO:MapLib:562 - No environment variables are currently set.
INFO:MapLib:159 - Net Timing constraints on signal clk are pushed forward
   through input buffer.
INFO:Pack:1716 - Initializing temperature to 85.000 Celsius. (default - Range:
   0.000 to 85.000 Celsius)
INFO:Pack:1720 - Initializing voltage to 1.140 Volts. (default - Range: 1.140 to
   1.260 Volts)
INFO:Map:215 - The Interim Design Summary has been generated in the MAP Report
   (.mrp).
INFO:Place:834 - Only a subset of IOs are locked. Out of 76 IOs, 18 are locked
   and 58 are not locked. If you would like to print the names of these IOs,
   please set the environment variable XIL_PAR_DESIGN_CHECK_VERBOSE to 1. 
INFO:Pack:1650 - Map created a placed design.

Section 4 - Removed Logic Summary
---------------------------------

Section 5 - Removed Logic
-------------------------

To enable printing of redundant blocks removed and signals merged, set the
detailed map report option and rerun map.

Section 6 - IOB Properties
--------------------------

+---------------------------------------------------------------------------------------------------------------------------------------------------------+
| IOB Name                           | Type             | Direction | IO Standard          | Diff  | Drive    | Slew | Reg (s)      | Resistor | IOB      |
|                                    |                  |           |                      | Term  | Strength | Rate |              |          | Delay    |
+---------------------------------------------------------------------------------------------------------------------------------------------------------+
| button0                            | IOB              | INPUT     | LVCMOS33             |       |          |      |              | PULLUP   |          |
| clk                                | IOB              | INPUT     | LVCMOS33             |       |          |      |              |          |          |
| dip0                               | IOB              | INPUT     | LVCMOS33             |       |          |      |              | PULLUP   |          |
| dip1                               | IOB              | INPUT     | LVCMOS33             |       |          |      |              | PULLUP   |          |
| dip2                               | IOB              | INPUT     | LVCMOS33             |       |          |      |              | PULLUP   |          |
| dip3                               | IOB              | INPUT     | LVCMOS33             |       |          |      |              | PULLUP   |          |
| dip4                               | IOB              | INPUT     | LVCMOS33             |       |          |      |              | PULLUP   |          |
| dip5                               | IOB              | INPUT     | LVCMOS33             |       |          |      |              | PULLUP   |          |
| dip6                               | IOB              | INPUT     | LVCMOS33             |       |          |      |              | PULLUP   |          |
| dip7                               | IOB              | INPUT     | LVCMOS33             |       |          |      |              | PULLUP   |          |
| led0                               | IOB              | OUTPUT    | LVCMOS33             |       | 8        | FAST |              |          |          |
| led1                               | IOB              | OUTPUT    | LVCMOS33             |       | 8        | FAST |              |          |          |
| led2                               | IOB              | OUTPUT    | LVCMOS33             |       | 8        | FAST |              |          |          |
| led3                               | IOB              | OUTPUT    | LVCMOS33             |       | 8        | FAST |              |          |          |
| led4                               | IOB              | OUTPUT    | LVCMOS33             |       | 8        | FAST |              |          |          |
| led5                               | IOB              | OUTPUT    | LVCMOS33             |       | 8        | FAST |              |          |          |
| led6                               | IOB              | OUTPUT    | LVCMOS33             |       | 8        | FAST |              |          |          |
| led7                               | IOB              | OUTPUT    | LVCMOS33             |       | 8        | FAST |              |          |          |
| ra1_in<0>                          | IOB              | INPUT     | LVCMOS25             |       |          |      |              |          |          |
| ra1_in<1>                          | IOB              | INPUT     | LVCMOS25             |       |          |      |              |          |          |
| ra1_in<2>                          | IOB              | INPUT     | LVCMOS25             |       |          |      |              |          |          |
| ra2_in<0>                          | IOB              | INPUT     | LVCMOS25             |       |          |      |              |          |          |
| ra2_in<1>                          | IOB              | INPUT     | LVCMOS25             |       |          |      |              |          |          |
| ra2_in<2>                          | IOB              | INPUT     | LVCMOS25             |       |          |      |              |          |          |
| ra3_in<0>                          | IOB              | INPUT     | LVCMOS25             |       |          |      |              |          |          |
| ra3_in<1>                          | IOB              | INPUT     | LVCMOS25             |       |          |      |              |          |          |
| ra3_in<2>                          | IOB              | INPUT     | LVCMOS25             |       |          |      |              |          |          |
| rd1_out<0>                         | IOB              | OUTPUT    | LVCMOS25             |       | 12       | SLOW |              |          |          |
| rd1_out<1>                         | IOB              | OUTPUT    | LVCMOS25             |       | 12       | SLOW |              |          |          |
| rd1_out<2>                         | IOB              | OUTPUT    | LVCMOS25             |       | 12       | SLOW |              |          |          |
| rd1_out<3>                         | IOB              | OUTPUT    | LVCMOS25             |       | 12       | SLOW |              |          |          |
| rd1_out<4>                         | IOB              | OUTPUT    | LVCMOS25             |       | 12       | SLOW |              |          |          |
| rd1_out<5>                         | IOB              | OUTPUT    | LVCMOS25             |       | 12       | SLOW |              |          |          |
| rd1_out<6>                         | IOB              | OUTPUT    | LVCMOS25             |       | 12       | SLOW |              |          |          |
| rd1_out<7>                         | IOB              | OUTPUT    | LVCMOS25             |       | 12       | SLOW |              |          |          |
| rd1_out<8>                         | IOB              | OUTPUT    | LVCMOS25             |       | 12       | SLOW |              |          |          |
| rd1_out<9>                         | IOB              | OUTPUT    | LVCMOS25             |       | 12       | SLOW |              |          |          |
| rd1_out<10>                        | IOB              | OUTPUT    | LVCMOS25             |       | 12       | SLOW |              |          |          |
| rd1_out<11>                        | IOB              | OUTPUT    | LVCMOS25             |       | 12       | SLOW |              |          |          |
| rd1_out<12>                        | IOB              | OUTPUT    | LVCMOS25             |       | 12       | SLOW |              |          |          |
| rd1_out<13>                        | IOB              | OUTPUT    | LVCMOS25             |       | 12       | SLOW |              |          |          |
| rd1_out<14>                        | IOB              | OUTPUT    | LVCMOS25             |       | 12       | SLOW |              |          |          |
| rd1_out<15>                        | IOB              | OUTPUT    | LVCMOS25             |       | 12       | SLOW |              |          |          |
| rd2_out<0>                         | IOB              | OUTPUT    | LVCMOS25             |       | 12       | SLOW |              |          |          |
| rd2_out<1>                         | IOB              | OUTPUT    | LVCMOS25             |       | 12       | SLOW |              |          |          |
| rd2_out<2>                         | IOB              | OUTPUT    | LVCMOS25             |       | 12       | SLOW |              |          |          |
| rd2_out<3>                         | IOB              | OUTPUT    | LVCMOS25             |       | 12       | SLOW |              |          |          |
| rd2_out<4>                         | IOB              | OUTPUT    | LVCMOS25             |       | 12       | SLOW |              |          |          |
| rd2_out<5>                         | IOB              | OUTPUT    | LVCMOS25             |       | 12       | SLOW |              |          |          |
| rd2_out<6>                         | IOB              | OUTPUT    | LVCMOS25             |       | 12       | SLOW |              |          |          |
| rd2_out<7>                         | IOB              | OUTPUT    | LVCMOS25             |       | 12       | SLOW |              |          |          |
| rd2_out<8>                         | IOB              | OUTPUT    | LVCMOS25             |       | 12       | SLOW |              |          |          |
| rd2_out<9>                         | IOB              | OUTPUT    | LVCMOS25             |       | 12       | SLOW |              |          |          |
| rd2_out<10>                        | IOB              | OUTPUT    | LVCMOS25             |       | 12       | SLOW |              |          |          |
| rd2_out<11>                        | IOB              | OUTPUT    | LVCMOS25             |       | 12       | SLOW |              |          |          |
| rd2_out<12>                        | IOB              | OUTPUT    | LVCMOS25             |       | 12       | SLOW |              |          |          |
| rd2_out<13>                        | IOB              | OUTPUT    | LVCMOS25             |       | 12       | SLOW |              |          |          |
| rd2_out<14>                        | IOB              | OUTPUT    | LVCMOS25             |       | 12       | SLOW |              |          |          |
| rd2_out<15>                        | IOB              | OUTPUT    | LVCMOS25             |       | 12       | SLOW |              |          |          |
| wd3_in<0>                          | IOB              | INPUT     | LVCMOS25             |       |          |      |              |          |          |
| wd3_in<1>                          | IOB              | INPUT     | LVCMOS25             |       |          |      |              |          |          |
| wd3_in<2>                          | IOB              | INPUT     | LVCMOS25             |       |          |      |              |          |          |
| wd3_in<3>                          | IOB              | INPUT     | LVCMOS25             |       |          |      |              |          |          |
| wd3_in<4>                          | IOB              | INPUT     | LVCMOS25             |       |          |      |              |          |          |
| wd3_in<5>                          | IOB              | INPUT     | LVCMOS25             |       |          |      |              |          |          |
| wd3_in<6>                          | IOB              | INPUT     | LVCMOS25             |       |          |      |              |          |          |
| wd3_in<7>                          | IOB              | INPUT     | LVCMOS25             |       |          |      |              |          |          |
| wd3_in<8>                          | IOB              | INPUT     | LVCMOS25             |       |          |      |              |          |          |
| wd3_in<9>                          | IOB              | INPUT     | LVCMOS25             |       |          |      |              |          |          |
| wd3_in<10>                         | IOB              | INPUT     | LVCMOS25             |       |          |      |              |          |          |
| wd3_in<11>                         | IOB              | INPUT     | LVCMOS25             |       |          |      |              |          |          |
| wd3_in<12>                         | IOB              | INPUT     | LVCMOS25             |       |          |      |              |          |          |
| wd3_in<13>                         | IOB              | INPUT     | LVCMOS25             |       |          |      |              |          |          |
| wd3_in<14>                         | IOB              | INPUT     | LVCMOS25             |       |          |      |              |          |          |
| wd3_in<15>                         | IOB              | INPUT     | LVCMOS25             |       |          |      |              |          |          |
| we3_in                             | IOB              | INPUT     | LVCMOS25             |       |          |      |              |          |          |
+---------------------------------------------------------------------------------------------------------------------------------------------------------+

Section 7 - RPMs
----------------

Section 8 - Guide Report
------------------------
Guide not run on this design.

Section 9 - Area Group and Partition Summary
--------------------------------------------

Partition Implementation Status
-------------------------------

  No Partitions were found in this design.

-------------------------------

Area Group Information
----------------------

  No area groups were found in this design.

----------------------

Section 10 - Timing Report
--------------------------
A logic-level (pre-route) timing report can be generated by using Xilinx static
timing analysis tools, Timing Analyzer (GUI) or TRCE (command line), with the
mapped NCD and PCF files. Please note that this timing report will be generated
using estimated delay information. For accurate numbers, please generate a
timing report with the post Place and Route NCD file.

For more information about the Timing Analyzer, consult the Xilinx Timing
Analyzer Reference Manual; for more information about TRCE, consult the Xilinx
Command Line Tools User Guide "TRACE" chapter.

Section 11 - Configuration String Details
-----------------------------------------
Use the "-detail" map option to print out Configuration Strings

Section 12 - Control Set Information
------------------------------------
Use the "-detail" map option to print out Control Set Information.

Section 13 - Utilization by Hierarchy
-------------------------------------
Use the "-detail" map option to print out the Utilization by Hierarchy section.
